[0m11:52:41.735872 [debug] [MainThread]: Sending event: {'category': 'dbt', 'action': 'invocation', 'label': 'start', 'context': [<snowplow_tracker.self_describing_json.SelfDescribingJson object at 0x71bd8260b9e0>, <snowplow_tracker.self_describing_json.SelfDescribingJson object at 0x71bd82a9bf80>, <snowplow_tracker.self_describing_json.SelfDescribingJson object at 0x71bd83b7d730>]}


============================== 11:52:41.743888 | 269fff86-1472-40ca-a5f9-2b9445215568 ==============================
[0m11:52:41.743888 [info ] [MainThread]: Running with dbt=1.9.0
[0m11:52:41.744470 [debug] [MainThread]: running dbt with arguments {'printer_width': '80', 'indirect_selection': 'eager', 'log_cache_events': 'False', 'write_json': 'True', 'partial_parse': 'True', 'cache_selected_only': 'False', 'profiles_dir': '/root/.dbt', 'debug': 'False', 'version_check': 'True', 'log_path': 'logs', 'fail_fast': 'False', 'warn_error': 'None', 'use_colors': 'True', 'use_experimental_parser': 'False', 'no_print': 'None', 'quiet': 'False', 'empty': 'None', 'log_format': 'default', 'invocation_command': 'dbt init my_project', 'static_parser': 'True', 'introspect': 'True', 'target_path': 'None', 'warn_error_options': 'WarnErrorOptions(include=[], exclude=[])', 'send_anonymous_usage_stats': 'True'}
[0m11:52:41.822258 [warn ] [MainThread]: [ConfigFolderDirectory]: Unable to parse logging event dictionary. Failed to parse dir field: expected string or bytes-like object, got 'PosixPath'.. Dictionary: {'dir': PosixPath('/root/.dbt')}
[0m11:52:41.822879 [info ] [MainThread]: Creating dbt configuration folder at 
[0m11:52:41.889908 [debug] [MainThread]: Starter project path: /usr/local/lib/python3.12/site-packages/dbt/include/starter_project
[0m11:52:41.895154 [info ] [MainThread]: 
Your new dbt project "my_project" was created!

For more information on how to configure the profiles.yml file,
please consult the dbt documentation here:

  https://docs.getdbt.com/docs/configure-your-profile

One more thing:

Need help? Don't hesitate to reach out to us via GitHub issues or on Slack:

  https://community.getdbt.com/

Happy modeling!

[0m11:52:41.895585 [info ] [MainThread]: Setting up your profile.
[0m11:53:38.598037 [info ] [MainThread]: Profile my_project written to /root/.dbt/profiles.yml using target's profile_template.yml and your supplied values. Run 'dbt debug' to validate the connection.
[0m11:53:38.599686 [debug] [MainThread]: Resource report: {"command_name": "init", "command_success": true, "command_wall_clock_time": 56.866707, "process_in_blocks": "0", "process_kernel_time": 0.37586, "process_mem_max_rss": "92928", "process_out_blocks": "1544", "process_user_time": 1.565753}
[0m11:53:38.600336 [debug] [MainThread]: Command `dbt init` succeeded at 11:53:38.600205 after 56.87 seconds
[0m11:53:38.600764 [debug] [MainThread]: Sending event: {'category': 'dbt', 'action': 'invocation', 'label': 'end', 'context': [<snowplow_tracker.self_describing_json.SelfDescribingJson object at 0x71bd826688c0>, <snowplow_tracker.self_describing_json.SelfDescribingJson object at 0x71bd8237cec0>, <snowplow_tracker.self_describing_json.SelfDescribingJson object at 0x71bd8258b530>]}
[0m11:53:38.601239 [debug] [MainThread]: Flushing usage events
[0m11:53:39.007893 [debug] [MainThread]: An error was encountered while trying to flush usage events
[0m11:54:11.086982 [debug] [MainThread]: Sending event: {'category': 'dbt', 'action': 'invocation', 'label': 'start', 'context': [<snowplow_tracker.self_describing_json.SelfDescribingJson object at 0x746b41131970>, <snowplow_tracker.self_describing_json.SelfDescribingJson object at 0x746b41133bf0>, <snowplow_tracker.self_describing_json.SelfDescribingJson object at 0x746b41132150>]}


============================== 11:54:11.094914 | 7a07b805-28fa-4f28-9586-55d51479e5ba ==============================
[0m11:54:11.094914 [info ] [MainThread]: Running with dbt=1.9.0
[0m11:54:11.095852 [debug] [MainThread]: running dbt with arguments {'printer_width': '80', 'indirect_selection': 'eager', 'log_cache_events': 'False', 'write_json': 'True', 'partial_parse': 'True', 'cache_selected_only': 'False', 'profiles_dir': '/root/.dbt', 'fail_fast': 'False', 'debug': 'False', 'log_path': 'logs', 'version_check': 'True', 'warn_error': 'None', 'use_colors': 'True', 'use_experimental_parser': 'False', 'no_print': 'None', 'quiet': 'False', 'empty': 'None', 'log_format': 'default', 'invocation_command': 'dbt debug', 'static_parser': 'True', 'warn_error_options': 'WarnErrorOptions(include=[], exclude=[])', 'target_path': 'None', 'introspect': 'True', 'send_anonymous_usage_stats': 'True'}
[0m11:54:11.154054 [info ] [MainThread]: dbt version: 1.9.0
[0m11:54:11.154587 [info ] [MainThread]: python version: 3.12.4
[0m11:54:11.155157 [info ] [MainThread]: python path: /usr/local/bin/python
[0m11:54:11.155780 [info ] [MainThread]: os info: Linux-6.6.87.2-microsoft-standard-WSL2-x86_64-with-glibc2.31
[0m11:54:11.156326 [info ] [MainThread]: Using profiles dir at /root/.dbt
[0m11:54:11.156793 [info ] [MainThread]: Using profiles.yml file at /root/.dbt/profiles.yml
[0m11:54:11.157392 [info ] [MainThread]: Using dbt_project.yml file at /usr/app/dbt_project.yml
[0m11:54:11.158103 [info ] [MainThread]: Configuration:
[0m11:54:11.158832 [info ] [MainThread]:   profiles.yml file [[31mERROR not found[0m]
[0m11:54:11.159446 [info ] [MainThread]:   dbt_project.yml file [[31mERROR not found[0m]
[0m11:54:11.160149 [info ] [MainThread]: Required dependencies:
[0m11:54:11.160877 [debug] [MainThread]: Executing "git --help"
[0m11:54:11.165260 [debug] [MainThread]: STDOUT: "b"usage: git [--version] [--help] [-C <path>] [-c <name>=<value>]\n           [--exec-path[=<path>]] [--html-path] [--man-path] [--info-path]\n           [-p | --paginate | -P | --no-pager] [--no-replace-objects] [--bare]\n           [--git-dir=<path>] [--work-tree=<path>] [--namespace=<name>]\n           <command> [<args>]\n\nThese are common Git commands used in various situations:\n\nstart a working area (see also: git help tutorial)\n   clone             Clone a repository into a new directory\n   init              Create an empty Git repository or reinitialize an existing one\n\nwork on the current change (see also: git help everyday)\n   add               Add file contents to the index\n   mv                Move or rename a file, a directory, or a symlink\n   restore           Restore working tree files\n   rm                Remove files from the working tree and from the index\n   sparse-checkout   Initialize and modify the sparse-checkout\n\nexamine the history and state (see also: git help revisions)\n   bisect            Use binary search to find the commit that introduced a bug\n   diff              Show changes between commits, commit and working tree, etc\n   grep              Print lines matching a pattern\n   log               Show commit logs\n   show              Show various types of objects\n   status            Show the working tree status\n\ngrow, mark and tweak your common history\n   branch            List, create, or delete branches\n   commit            Record changes to the repository\n   merge             Join two or more development histories together\n   rebase            Reapply commits on top of another base tip\n   reset             Reset current HEAD to the specified state\n   switch            Switch branches\n   tag               Create, list, delete or verify a tag object signed with GPG\n\ncollaborate (see also: git help workflows)\n   fetch             Download objects and refs from another repository\n   pull              Fetch from and integrate with another repository or a local branch\n   push              Update remote refs along with associated objects\n\n'git help -a' and 'git help -g' list available subcommands and some\nconcept guides. See 'git help <command>' or 'git help <concept>'\nto read about a specific subcommand or concept.\nSee 'git help git' for an overview of the system.\n""
[0m11:54:11.166714 [debug] [MainThread]: STDERR: "b''"
[0m11:54:11.167348 [info ] [MainThread]:  - git [[32mOK found[0m]

[0m11:54:11.168147 [info ] [MainThread]: Connection test skipped since no profile was found
[0m11:54:11.169198 [info ] [MainThread]: [31m2 checks failed:[0m
[0m11:54:11.169945 [info ] [MainThread]: dbt looked for a profiles.yml file in /root/.dbt/profiles.yml, but did
not find one. For more information on configuring your profile, consult the
documentation:

https://docs.getdbt.com/docs/configure-your-profile


[0m11:54:11.170648 [info ] [MainThread]: Project loading failed for the following reason:
 project path </usr/app/dbt_project.yml> not found

[0m11:54:11.172429 [debug] [MainThread]: Resource report: {"command_name": "debug", "command_success": false, "command_wall_clock_time": 0.1359158, "process_in_blocks": "0", "process_kernel_time": 0.246251, "process_mem_max_rss": "87352", "process_out_blocks": "1488", "process_user_time": 1.394102}
[0m11:54:11.173291 [debug] [MainThread]: Command `dbt debug` failed at 11:54:11.173119 after 0.14 seconds
[0m11:54:11.173886 [debug] [MainThread]: Sending event: {'category': 'dbt', 'action': 'invocation', 'label': 'end', 'context': [<snowplow_tracker.self_describing_json.SelfDescribingJson object at 0x746b413ee690>, <snowplow_tracker.self_describing_json.SelfDescribingJson object at 0x746b40c6a8a0>, <snowplow_tracker.self_describing_json.SelfDescribingJson object at 0x746b4170d7c0>]}
[0m11:54:11.174332 [debug] [MainThread]: Flushing usage events
[0m11:54:11.568037 [debug] [MainThread]: An error was encountered while trying to flush usage events
